SQL> connect
Enter user-name: dbms
Connected.
SQL> create table bigbazar(item_name varchar(20),item_no varchar(20), item_qty int,item_price number(5,3),item_mfg_date date,item_exp_date date,order_no varchar(20));
create table bigbazar(item_name varchar(20),item_no varchar(20), item_qty int,item_price number(5,3),item_mfg_date date,item_exp_date date,order_no varchar(20))
             *
ERROR at line 1:
ORA-00955: name is already used by an existing object 


SQL> select * from bigbazar;

ITEM_NAME            ITEM_NO      ITEM_QTY ITEM_PRICE ITEM_MFG_ ITEM_EXP_       
-------------------- ---------- ---------- ---------- --------- ---------       
ORDER_NO                                                                        
----------                                                                      
                     col101             20      75.95 12-JAN-23 27-APR-17       
ord101                                                                          
                                                                                
lux_shoap            lu102              15       25.4 19-JUL-01 30-MAR-19       
ord1029                                                                         
                                                                                
dabur_honey          dab103             40      120.7 20-MAR-15 12-JUN-20       
ord1010                                                                         
                                                                                

ITEM_NAME            ITEM_NO      ITEM_QTY ITEM_PRICE ITEM_MFG_ ITEM_EXP_       
-------------------- ---------- ---------- ---------- --------- ---------       
ORDER_NO                                                                        
----------                                                                      
tata_tea             tat104             50       98.5 15-SEP-08                 
ord1035                                                                         
                                                                                
surf_excel           sur105                     285.6 28-AUG-15 20-NOV-05       
ord1030                                                                         
                                                                                
dettol_handwash      det106             42       45.5 28-FEB-13 23-AUG-18       
ord1020                                                                         
                                                                                

ITEM_NAME            ITEM_NO      ITEM_QTY ITEM_PRICE ITEM_MFG_ ITEM_EXP_       
-------------------- ---------- ---------- ---------- --------- ---------       
ORDER_NO                                                                        
----------                                                                      
ashribad_atta        ash107             20     170.45 28-JUN-07 20-SEP-19       
ord1015                                                                         
                                                                                
horlicks                                        286.9 29-OCT-12 30-JUN-18       
ord1028                                                                         
                                                                                
Ariel_matic          arl110             30      230.8 14-NOV-16                 
ord1032                                                                         
                                                                                

ITEM_NAME            ITEM_NO      ITEM_QTY ITEM_PRICE ITEM_MFG_ ITEM_EXP_       
-------------------- ---------- ---------- ---------- --------- ---------       
ORDER_NO                                                                        
----------                                                                      
ponds_power          pon111             50       85.9 25-MAY-11 30-APR-20       
ord1044                                                                         
                                                                                
tomato_katchup       tom112             30         35 30-DEC-14 09-SEP-18       
                                                                                
                                                                                
patanjali_biscuit    pat113             39         25 01-JAN-16 29-JUN-18       
ord1061                                                                         
                                                                                

ITEM_NAME            ITEM_NO      ITEM_QTY ITEM_PRICE ITEM_MFG_ ITEM_EXP_       
-------------------- ---------- ---------- ---------- --------- ---------       
ORDER_NO                                                                        
----------                                                                      
kissan_jam           kis114                        90 22-FEB-15 30-OCT-16       
ord1037                                                                         
                                                                                

13 rows selected.

SQL> set linesize 360;
SQL> select * from bigbazar;

ITEM_NAME            ITEM_NO      ITEM_QTY ITEM_PRICE ITEM_MFG_ ITEM_EXP_ ORDER_NO                                                                                                                                                                                                                                                                                      
-------------------- ---------- ---------- ---------- --------- --------- ----------                                                                                                                                                                                                                                                                                    
                     col101             20      75.95 12-JAN-23 27-APR-17 ord101                                                                                                                                                                                                                                                                                        
lux_shoap            lu102              15       25.4 19-JUL-01 30-MAR-19 ord1029                                                                                                                                                                                                                                                                                       
dabur_honey          dab103             40      120.7 20-MAR-15 12-JUN-20 ord1010                                                                                                                                                                                                                                                                                       
tata_tea             tat104             50       98.5 15-SEP-08           ord1035                                                                                                                                                                                                                                                                                       
surf_excel           sur105                     285.6 28-AUG-15 20-NOV-05 ord1030                                                                                                                                                                                                                                                                                       
dettol_handwash      det106             42       45.5 28-FEB-13 23-AUG-18 ord1020                                                                                                                                                                                                                                                                                       
ashribad_atta        ash107             20     170.45 28-JUN-07 20-SEP-19 ord1015                                                                                                                                                                                                                                                                                       
horlicks                                        286.9 29-OCT-12 30-JUN-18 ord1028                                                                                                                                                                                                                                                                                       
Ariel_matic          arl110             30      230.8 14-NOV-16           ord1032                                                                                                                                                                                                                                                                                       
ponds_power          pon111             50       85.9 25-MAY-11 30-APR-20 ord1044                                                                                                                                                                                                                                                                                       
tomato_katchup       tom112             30         35 30-DEC-14 09-SEP-18                                                                                                                                                                                                                                                                                               

ITEM_NAME            ITEM_NO      ITEM_QTY ITEM_PRICE ITEM_MFG_ ITEM_EXP_ ORDER_NO                                                                                                                                                                                                                                                                                      
-------------------- ---------- ---------- ---------- --------- --------- ----------                                                                                                                                                                                                                                                                                    
patanjali_biscuit    pat113             39         25 01-JAN-16 29-JUN-18 ord1061                                                                                                                                                                                                                                                                                       
kissan_jam           kis114                        90 22-FEB-15 30-OCT-16 ord1037                                                                                                                                                                                                                                                                                       

13 rows selected.

SQL> select max(item_qty) from bigbazar;

MAX(ITEM_QTY)                                                                                                                                                                                                                                                                                                                                                           
-------------                                                                                                                                                                                                                                                                                                                                                           
           50                                                                                                                                                                                                                                                                                                                                                           

SQL>  select item_name, item_price from bigbazar where extract(month from item_exp_date) = 6;

ITEM_NAME            ITEM_PRICE                                                                                                                                                                                                                                                                                                                                         
-------------------- ----------                                                                                                                                                                                                                                                                                                                                         
dabur_honey               120.7                                                                                                                                                                                                                                                                                                                                         
horlicks                  286.9                                                                                                                                                                                                                                                                                                                                         
patanjali_biscuit            25                                                                                                                                                                                                                                                                                                                                         

SQL> select item_name, item_no, item_price, months_between(to_date(item_exp_date), to_date(item_mfg_date)) as duration from bigbazar;

ITEM_NAME            ITEM_NO    ITEM_PRICE   DURATION                                                                                                                                                                                                                                                                                                                   
-------------------- ---------- ---------- ----------                                                                                                                                                                                                                                                                                                                   
                     col101          75.95 -68.516129                                                                                                                                                                                                                                                                                                                   
lux_shoap            lu102            25.4 212.354839                                                                                                                                                                                                                                                                                                                   
dabur_honey          dab103          120.7 62.7419355                                                                                                                                                                                                                                                                                                                   
tata_tea             tat104           98.5                                                                                                                                                                                                                                                                                                                              
surf_excel           sur105          285.6 -117.25806                                                                                                                                                                                                                                                                                                                   
dettol_handwash      det106           45.5 65.8387097                                                                                                                                                                                                                                                                                                                   
ashribad_atta        ash107         170.45 146.741935                                                                                                                                                                                                                                                                                                                   
horlicks                             286.9 68.0322581                                                                                                                                                                                                                                                                                                                   
Ariel_matic          arl110          230.8                                                                                                                                                                                                                                                                                                                              
ponds_power          pon111           85.9  107.16129                                                                                                                                                                                                                                                                                                                   
tomato_katchup       tom112             35 44.3225806                                                                                                                                                                                                                                                                                                                   

ITEM_NAME            ITEM_NO    ITEM_PRICE   DURATION                                                                                                                                                                                                                                                                                                                   
-------------------- ---------- ---------- ----------                                                                                                                                                                                                                                                                                                                   
patanjali_biscuit    pat113             25 29.9032258                                                                                                                                                                                                                                                                                                                   
kissan_jam           kis114             90 20.2580645                                                                                                                                                                                                                                                                                                                   

13 rows selected.

SQL> select item_name, item_no, item_price, months_between(to_date(item_exp_date), to_date(item_mfg_date)) as duration from bigbazar;

ITEM_NAME            ITEM_NO    ITEM_PRICE   DURATION                                                                                                                                                                                                                                                                                                                   
-------------------- ---------- ---------- ----------                                                                                                                                                                                                                                                                                                                   
                     col101          75.95 -68.516129                                                                                                                                                                                                                                                                                                                   
lux_shoap            lu102            25.4 212.354839                                                                                                                                                                                                                                                                                                                   
dabur_honey          dab103          120.7 62.7419355                                                                                                                                                                                                                                                                                                                   
tata_tea             tat104           98.5                                                                                                                                                                                                                                                                                                                              
surf_excel           sur105          285.6 -117.25806                                                                                                                                                                                                                                                                                                                   
dettol_handwash      det106           45.5 65.8387097                                                                                                                                                                                                                                                                                                                   
ashribad_atta        ash107         170.45 146.741935                                                                                                                                                                                                                                                                                                                   
horlicks                             286.9 68.0322581                                                                                                                                                                                                                                                                                                                   
Ariel_matic          arl110          230.8                                                                                                                                                                                                                                                                                                                              
ponds_power          pon111           85.9  107.16129                                                                                                                                                                                                                                                                                                                   
tomato_katchup       tom112             35 44.3225806                                                                                                                                                                                                                                                                                                                   

ITEM_NAME            ITEM_NO    ITEM_PRICE   DURATION                                                                                                                                                                                                                                                                                                                   
-------------------- ---------- ---------- ----------                                                                                                                                                                                                                                                                                                                   
patanjali_biscuit    pat113             25 29.9032258                                                                                                                                                                                                                                                                                                                   
kissan_jam           kis114             90 20.2580645                                                                                                                                                                                                                                                                                                                   

13 rows selected.

SQL> SELECT ROUND(ITEM_MFG_DATE, 'MONTH') AS MFG_ROUNDED FROM BIGBAZAR;

MFG_ROUND                                                                                                                                                                                                                                                                                                                                                               
---------                                                                                                                                                                                                                                                                                                                                                               
01-JAN-23                                                                                                                                                                                                                                                                                                                                                               
01-AUG-01                                                                                                                                                                                                                                                                                                                                                               
01-APR-15                                                                                                                                                                                                                                                                                                                                                               
01-SEP-08                                                                                                                                                                                                                                                                                                                                                               
01-SEP-15                                                                                                                                                                                                                                                                                                                                                               
01-MAR-13                                                                                                                                                                                                                                                                                                                                                               
01-JUL-07                                                                                                                                                                                                                                                                                                                                                               
01-NOV-12                                                                                                                                                                                                                                                                                                                                                               
01-NOV-16                                                                                                                                                                                                                                                                                                                                                               
01-JUN-11                                                                                                                                                                                                                                                                                                                                                               
01-JAN-15                                                                                                                                                                                                                                                                                                                                                               

MFG_ROUND                                                                                                                                                                                                                                                                                                                                                               
---------                                                                                                                                                                                                                                                                                                                                                               
01-JAN-16                                                                                                                                                                                                                                                                                                                                                               
01-MAR-15                                                                                                                                                                                                                                                                                                                                                               

13 rows selected.

SQL> SELECT ITEM_NAME, ITEM_NO, ITEM_QTY, TO_CHAR(ITEM_PRICE, '$99999') AS ITEM_PRICE, ITEM_MFG_DATE, ITEM_EXP_DATE, ORDER_NO FROM BIGBAZAR;

ITEM_NAME            ITEM_NO      ITEM_QTY ITEM_PR ITEM_MFG_ ITEM_EXP_ ORDER_NO                                                                                                                                                                                                                                                                                         
-------------------- ---------- ---------- ------- --------- --------- ----------                                                                                                                                                                                                                                                                                       
                     col101             20     $76 12-JAN-23 27-APR-17 ord101                                                                                                                                                                                                                                                                                           
lux_shoap            lu102              15     $25 19-JUL-01 30-MAR-19 ord1029                                                                                                                                                                                                                                                                                          
dabur_honey          dab103             40    $121 20-MAR-15 12-JUN-20 ord1010                                                                                                                                                                                                                                                                                          
tata_tea             tat104             50     $99 15-SEP-08           ord1035                                                                                                                                                                                                                                                                                          
surf_excel           sur105                   $286 28-AUG-15 20-NOV-05 ord1030                                                                                                                                                                                                                                                                                          
dettol_handwash      det106             42     $46 28-FEB-13 23-AUG-18 ord1020                                                                                                                                                                                                                                                                                          
ashribad_atta        ash107             20    $170 28-JUN-07 20-SEP-19 ord1015                                                                                                                                                                                                                                                                                          
horlicks                                      $287 29-OCT-12 30-JUN-18 ord1028                                                                                                                                                                                                                                                                                          
Ariel_matic          arl110             30    $231 14-NOV-16           ord1032                                                                                                                                                                                                                                                                                          
ponds_power          pon111             50     $86 25-MAY-11 30-APR-20 ord1044                                                                                                                                                                                                                                                                                          
tomato_katchup       tom112             30     $35 30-DEC-14 09-SEP-18                                                                                                                                                                                                                                                                                                  

ITEM_NAME            ITEM_NO      ITEM_QTY ITEM_PR ITEM_MFG_ ITEM_EXP_ ORDER_NO                                                                                                                                                                                                                                                                                         
-------------------- ---------- ---------- ------- --------- --------- ----------                                                                                                                                                                                                                                                                                       
patanjali_biscuit    pat113             39     $25 01-JAN-16 29-JUN-18 ord1061                                                                                                                                                                                                                                                                                          
kissan_jam           kis114                    $90 22-FEB-15 30-OCT-16 ord1037                                                                                                                                                                                                                                                                                          

13 rows selected.

SQL> SELECT ITEM_NAME, ITEM_NO, ITEM_price, EXTRACT(DAY FROM TO_DATE(ITEM_MFG_DATE)) AS MFG_DAY, EXTRACT(DAY FROM TO_DATE(ITEM_EXP_DATE)) AS EXP_DAY, ORDER_NO FROM BIGBAZAR;

ITEM_NAME            ITEM_NO    ITEM_PRICE    MFG_DAY    EXP_DAY ORDER_NO                                                                                                                                                                                                                                                                                               
-------------------- ---------- ---------- ---------- ---------- ----------                                                                                                                                                                                                                                                                                             
                     col101          75.95         12         27 ord101                                                                                                                                                                                                                                                                                                 
lux_shoap            lu102            25.4         19         30 ord1029                                                                                                                                                                                                                                                                                                
dabur_honey          dab103          120.7         20         12 ord1010                                                                                                                                                                                                                                                                                                
tata_tea             tat104           98.5         15            ord1035                                                                                                                                                                                                                                                                                                
surf_excel           sur105          285.6         28         20 ord1030                                                                                                                                                                                                                                                                                                
dettol_handwash      det106           45.5         28         23 ord1020                                                                                                                                                                                                                                                                                                
ashribad_atta        ash107         170.45         28         20 ord1015                                                                                                                                                                                                                                                                                                
horlicks                             286.9         29         30 ord1028                                                                                                                                                                                                                                                                                                
Ariel_matic          arl110          230.8         14            ord1032                                                                                                                                                                                                                                                                                                
ponds_power          pon111           85.9         25         30 ord1044                                                                                                                                                                                                                                                                                                
tomato_katchup       tom112             35         30          9                                                                                                                                                                                                                                                                                                        

ITEM_NAME            ITEM_NO    ITEM_PRICE    MFG_DAY    EXP_DAY ORDER_NO                                                                                                                                                                                                                                                                                               
-------------------- ---------- ---------- ---------- ---------- ----------                                                                                                                                                                                                                                                                                             
patanjali_biscuit    pat113             25          1         29 ord1061                                                                                                                                                                                                                                                                                                
kissan_jam           kis114             90         22         30 ord1037                                                                                                                                                                                                                                                                                                

13 rows selected.

SQL> SELECT ITEM_NAME, ITEM_NO, ITEM_price, ROUND(TO_DATE(ITEM_MFG_DATE), 'MONTH') AS MFG_MONTH, ROUND(TO_DATE(ITEM_EXP_DATE), 'MONTH') AS EXP_MONTH, ORDER_NO FROM BIGBAZAR;

ITEM_NAME            ITEM_NO    ITEM_PRICE MFG_MONTH EXP_MONTH ORDER_NO                                                                                                                                                                                                                                                                                                 
-------------------- ---------- ---------- --------- --------- ----------                                                                                                                                                                                                                                                                                               
                     col101          75.95 01-JAN-23 01-MAY-17 ord101                                                                                                                                                                                                                                                                                                   
lux_shoap            lu102            25.4 01-AUG-01 01-APR-19 ord1029                                                                                                                                                                                                                                                                                                  
dabur_honey          dab103          120.7 01-APR-15 01-JUN-20 ord1010                                                                                                                                                                                                                                                                                                  
tata_tea             tat104           98.5 01-SEP-08           ord1035                                                                                                                                                                                                                                                                                                  
surf_excel           sur105          285.6 01-SEP-15 01-DEC-05 ord1030                                                                                                                                                                                                                                                                                                  
dettol_handwash      det106           45.5 01-MAR-13 01-SEP-18 ord1020                                                                                                                                                                                                                                                                                                  
ashribad_atta        ash107         170.45 01-JUL-07 01-OCT-19 ord1015                                                                                                                                                                                                                                                                                                  
horlicks                             286.9 01-NOV-12 01-JUL-18 ord1028                                                                                                                                                                                                                                                                                                  
Ariel_matic          arl110          230.8 01-NOV-16           ord1032                                                                                                                                                                                                                                                                                                  
ponds_power          pon111           85.9 01-JUN-11 01-MAY-20 ord1044                                                                                                                                                                                                                                                                                                  
tomato_katchup       tom112             35 01-JAN-15 01-SEP-18                                                                                                                                                                                                                                                                                                          

ITEM_NAME            ITEM_NO    ITEM_PRICE MFG_MONTH EXP_MONTH ORDER_NO                                                                                                                                                                                                                                                                                                 
-------------------- ---------- ---------- --------- --------- ----------                                                                                                                                                                                                                                                                                               
patanjali_biscuit    pat113             25 01-JAN-16 01-JUL-18 ord1061                                                                                                                                                                                                                                                                                                  
kissan_jam           kis114             90 01-MAR-15 01-NOV-16 ord1037                                                                                                                                                                                                                                                                                                  

13 rows selected.

SQL>  SELECT ITEM_NAME, ITEM_NO, NVL(ITEM_QTY, 0) AS ITEM_QTY, ITEM_PRICE, ITEM_MFG_DATE, ITEM_EXP_DATE, ORDER_NO FROM BIGBAZAR_279;
 SELECT ITEM_NAME, ITEM_NO, NVL(ITEM_QTY, 0) AS ITEM_QTY, ITEM_PRICE, ITEM_MFG_DATE, ITEM_EXP_DATE, ORDER_NO FROM BIGBAZAR_279
                                                                                                                  *
ERROR at line 1:
ORA-00942: table or view does not exist 


SQL>  SELECT ITEM_NAME, ITEM_NO, NVL(ITEM_QTY, 0) AS ITEM_QTY, ITEM_PRICE, ITEM_MFG_DATE, ITEM_EXP_DATE, ORDER_NO FROM BIGBAZAR_279;
 SELECT ITEM_NAME, ITEM_NO, NVL(ITEM_QTY, 0) AS ITEM_QTY, ITEM_PRICE, ITEM_MFG_DATE, ITEM_EXP_DATE, ORDER_NO FROM BIGBAZAR_279
                                                                                                                  *
ERROR at line 1:
ORA-00942: table or view does not exist 


SQL>  SELECT ITEM_NAME, ITEM_NO, NVL(ITEM_QTY, 0) AS ITEM_QTY, ITEM_PRICE, ITEM_MFG_DATE, ITEM_EXP_DATE, ORDER_NO FROM BIGBAZAR;

ITEM_NAME            ITEM_NO      ITEM_QTY ITEM_PRICE ITEM_MFG_ ITEM_EXP_ ORDER_NO                                                                                                                                                                                                                                                                                      
-------------------- ---------- ---------- ---------- --------- --------- ----------                                                                                                                                                                                                                                                                                    
                     col101             20      75.95 12-JAN-23 27-APR-17 ord101                                                                                                                                                                                                                                                                                        
lux_shoap            lu102              15       25.4 19-JUL-01 30-MAR-19 ord1029                                                                                                                                                                                                                                                                                       
dabur_honey          dab103             40      120.7 20-MAR-15 12-JUN-20 ord1010                                                                                                                                                                                                                                                                                       
tata_tea             tat104             50       98.5 15-SEP-08           ord1035                                                                                                                                                                                                                                                                                       
surf_excel           sur105              0      285.6 28-AUG-15 20-NOV-05 ord1030                                                                                                                                                                                                                                                                                       
dettol_handwash      det106             42       45.5 28-FEB-13 23-AUG-18 ord1020                                                                                                                                                                                                                                                                                       
ashribad_atta        ash107             20     170.45 28-JUN-07 20-SEP-19 ord1015                                                                                                                                                                                                                                                                                       
horlicks                                 0      286.9 29-OCT-12 30-JUN-18 ord1028                                                                                                                                                                                                                                                                                       
Ariel_matic          arl110             30      230.8 14-NOV-16           ord1032                                                                                                                                                                                                                                                                                       
ponds_power          pon111             50       85.9 25-MAY-11 30-APR-20 ord1044                                                                                                                                                                                                                                                                                       
tomato_katchup       tom112             30         35 30-DEC-14 09-SEP-18                                                                                                                                                                                                                                                                                               

ITEM_NAME            ITEM_NO      ITEM_QTY ITEM_PRICE ITEM_MFG_ ITEM_EXP_ ORDER_NO                                                                                                                                                                                                                                                                                      
-------------------- ---------- ---------- ---------- --------- --------- ----------                                                                                                                                                                                                                                                                                    
patanjali_biscuit    pat113             39         25 01-JAN-16 29-JUN-18 ord1061                                                                                                                                                                                                                                                                                       
kissan_jam           kis114              0         90 22-FEB-15 30-OCT-16 ord1037                                                                                                                                                                                                                                                                                       

13 rows selected.

SQL> SELECT ITEM_NAME, ITEM_NO, ITEM_QTY, ITEM_PRICE, ITEM_MFG_DATE, NVL(ITEM_EXP_DATE, SYSDATE) AS ITEM_EXP_DATE, ORDER_NO FROM BIGBAZAR;

ITEM_NAME            ITEM_NO      ITEM_QTY ITEM_PRICE ITEM_MFG_ ITEM_EXP_ ORDER_NO                                                                                                                                                                                                                                                                                      
-------------------- ---------- ---------- ---------- --------- --------- ----------                                                                                                                                                                                                                                                                                    
                     col101             20      75.95 12-JAN-23 27-APR-17 ord101                                                                                                                                                                                                                                                                                        
lux_shoap            lu102              15       25.4 19-JUL-01 30-MAR-19 ord1029                                                                                                                                                                                                                                                                                       
dabur_honey          dab103             40      120.7 20-MAR-15 12-JUN-20 ord1010                                                                                                                                                                                                                                                                                       
tata_tea             tat104             50       98.5 15-SEP-08 29-MAR-23 ord1035                                                                                                                                                                                                                                                                                       
surf_excel           sur105                     285.6 28-AUG-15 20-NOV-05 ord1030                                                                                                                                                                                                                                                                                       
dettol_handwash      det106             42       45.5 28-FEB-13 23-AUG-18 ord1020                                                                                                                                                                                                                                                                                       
ashribad_atta        ash107             20     170.45 28-JUN-07 20-SEP-19 ord1015                                                                                                                                                                                                                                                                                       
horlicks                                        286.9 29-OCT-12 30-JUN-18 ord1028                                                                                                                                                                                                                                                                                       
Ariel_matic          arl110             30      230.8 14-NOV-16 29-MAR-23 ord1032                                                                                                                                                                                                                                                                                       
ponds_power          pon111             50       85.9 25-MAY-11 30-APR-20 ord1044                                                                                                                                                                                                                                                                                       
tomato_katchup       tom112             30         35 30-DEC-14 09-SEP-18                                                                                                                                                                                                                                                                                               

ITEM_NAME            ITEM_NO      ITEM_QTY ITEM_PRICE ITEM_MFG_ ITEM_EXP_ ORDER_NO                                                                                                                                                                                                                                                                                      
-------------------- ---------- ---------- ---------- --------- --------- ----------                                                                                                                                                                                                                                                                                    
patanjali_biscuit    pat113             39         25 01-JAN-16 29-JUN-18 ord1061                                                                                                                                                                                                                                                                                       
kissan_jam           kis114                        90 22-FEB-15 30-OCT-16 ord1037                                                                                                                                                                                                                                                                                       

13 rows selected.

SQL> SELECT ITEM_NAME, ITEM_NO, ITEM_QTY, ITEM_PRICE, ITEM_MFG_DATE, NVL(NULLIF(ITEM_EXP_DATE, ITEM_EXP_DATE), SYSDATE) AS ITEM_EXP_DATE, ORDER_NO FROM BIGBAZAR_279
  2   WHERE ITEM_EXP_DATE < SYSDATE;
SELECT ITEM_NAME, ITEM_NO, ITEM_QTY, ITEM_PRICE, ITEM_MFG_DATE, NVL(NULLIF(ITEM_EXP_DATE, ITEM_EXP_DATE), SYSDATE) AS ITEM_EXP_DATE, ORDER_NO FROM BIGBAZAR_279
                                                                                                                                                   *
ERROR at line 1:
ORA-00942: table or view does not exist 


SQL> SELECT ITEM_NAME, ITEM_NO, ITEM_QTY, ITEM_PRICE, ITEM_MFG_DATE, NVL(NULLIF(ITEM_EXP_DATE, ITEM_EXP_DATE), SYSDATE) AS ITEM_EXP_DATE, ORDER_NO FROM BIGBAZAR
  2   WHERE ITEM_EXP_DATE < SYSDATE;

ITEM_NAME            ITEM_NO      ITEM_QTY ITEM_PRICE ITEM_MFG_ ITEM_EXP_ ORDER_NO                                                                                                                                                                                                                                                                                      
-------------------- ---------- ---------- ---------- --------- --------- ----------                                                                                                                                                                                                                                                                                    
                     col101             20      75.95 12-JAN-23 29-MAR-23 ord101                                                                                                                                                                                                                                                                                        
lux_shoap            lu102              15       25.4 19-JUL-01 29-MAR-23 ord1029                                                                                                                                                                                                                                                                                       
dabur_honey          dab103             40      120.7 20-MAR-15 29-MAR-23 ord1010                                                                                                                                                                                                                                                                                       
surf_excel           sur105                     285.6 28-AUG-15 29-MAR-23 ord1030                                                                                                                                                                                                                                                                                       
dettol_handwash      det106             42       45.5 28-FEB-13 29-MAR-23 ord1020                                                                                                                                                                                                                                                                                       
ashribad_atta        ash107             20     170.45 28-JUN-07 29-MAR-23 ord1015                                                                                                                                                                                                                                                                                       
horlicks                                        286.9 29-OCT-12 29-MAR-23 ord1028                                                                                                                                                                                                                                                                                       
ponds_power          pon111             50       85.9 25-MAY-11 29-MAR-23 ord1044                                                                                                                                                                                                                                                                                       
tomato_katchup       tom112             30         35 30-DEC-14 29-MAR-23                                                                                                                                                                                                                                                                                               
patanjali_biscuit    pat113             39         25 01-JAN-16 29-MAR-23 ord1061                                                                                                                                                                                                                                                                                       
kissan_jam           kis114                        90 22-FEB-15 29-MAR-23 ord1037                                                                                                                                                                                                                                                                                       

11 rows selected.

SQL> SELECT ITEM_NAME, ITEM_NO, NULLIF(ITEM_QTY, 50) AS ITEM_QTY, ITEM_PRICE, ITEM_MFG_DATE, ITEM_EXP_DATE, ORDER_NO FROM BIGBAZAR;

ITEM_NAME            ITEM_NO      ITEM_QTY ITEM_PRICE ITEM_MFG_ ITEM_EXP_ ORDER_NO                                                                                                                                                                                                                                                                                      
-------------------- ---------- ---------- ---------- --------- --------- ----------                                                                                                                                                                                                                                                                                    
                     col101             20      75.95 12-JAN-23 27-APR-17 ord101                                                                                                                                                                                                                                                                                        
lux_shoap            lu102              15       25.4 19-JUL-01 30-MAR-19 ord1029                                                                                                                                                                                                                                                                                       
dabur_honey          dab103             40      120.7 20-MAR-15 12-JUN-20 ord1010                                                                                                                                                                                                                                                                                       
tata_tea             tat104                      98.5 15-SEP-08           ord1035                                                                                                                                                                                                                                                                                       
surf_excel           sur105                     285.6 28-AUG-15 20-NOV-05 ord1030                                                                                                                                                                                                                                                                                       
dettol_handwash      det106             42       45.5 28-FEB-13 23-AUG-18 ord1020                                                                                                                                                                                                                                                                                       
ashribad_atta        ash107             20     170.45 28-JUN-07 20-SEP-19 ord1015                                                                                                                                                                                                                                                                                       
horlicks                                        286.9 29-OCT-12 30-JUN-18 ord1028                                                                                                                                                                                                                                                                                       
Ariel_matic          arl110             30      230.8 14-NOV-16           ord1032                                                                                                                                                                                                                                                                                       
ponds_power          pon111                      85.9 25-MAY-11 30-APR-20 ord1044                                                                                                                                                                                                                                                                                       
tomato_katchup       tom112             30         35 30-DEC-14 09-SEP-18                                                                                                                                                                                                                                                                                               

ITEM_NAME            ITEM_NO      ITEM_QTY ITEM_PRICE ITEM_MFG_ ITEM_EXP_ ORDER_NO                                                                                                                                                                                                                                                                                      
-------------------- ---------- ---------- ---------- --------- --------- ----------                                                                                                                                                                                                                                                                                    
patanjali_biscuit    pat113             39         25 01-JAN-16 29-JUN-18 ord1061                                                                                                                                                                                                                                                                                       
kissan_jam           kis114                        90 22-FEB-15 30-OCT-16 ord1037                                                                                                                                                                                                                                                                                       

13 rows selected.

SQL> SELECT ITEM_NAME, ITEM_NO, NVL(NULLIF(ITEM_QTY, 50), 0) AS ITEM_QTY, ITEM_PRICE, ITEM_MFG_DATE, ITEM_EXP_DATE, ORDER_NO FROM BIGBAZAR;

ITEM_NAME            ITEM_NO      ITEM_QTY ITEM_PRICE ITEM_MFG_ ITEM_EXP_ ORDER_NO                                                                                                                                                                                                                                                                                      
-------------------- ---------- ---------- ---------- --------- --------- ----------                                                                                                                                                                                                                                                                                    
                     col101             20      75.95 12-JAN-23 27-APR-17 ord101                                                                                                                                                                                                                                                                                        
lux_shoap            lu102              15       25.4 19-JUL-01 30-MAR-19 ord1029                                                                                                                                                                                                                                                                                       
dabur_honey          dab103             40      120.7 20-MAR-15 12-JUN-20 ord1010                                                                                                                                                                                                                                                                                       
tata_tea             tat104              0       98.5 15-SEP-08           ord1035                                                                                                                                                                                                                                                                                       
surf_excel           sur105              0      285.6 28-AUG-15 20-NOV-05 ord1030                                                                                                                                                                                                                                                                                       
dettol_handwash      det106             42       45.5 28-FEB-13 23-AUG-18 ord1020                                                                                                                                                                                                                                                                                       
ashribad_atta        ash107             20     170.45 28-JUN-07 20-SEP-19 ord1015                                                                                                                                                                                                                                                                                       
horlicks                                 0      286.9 29-OCT-12 30-JUN-18 ord1028                                                                                                                                                                                                                                                                                       
Ariel_matic          arl110             30      230.8 14-NOV-16           ord1032                                                                                                                                                                                                                                                                                       
ponds_power          pon111              0       85.9 25-MAY-11 30-APR-20 ord1044                                                                                                                                                                                                                                                                                       
tomato_katchup       tom112             30         35 30-DEC-14 09-SEP-18                                                                                                                                                                                                                                                                                               

ITEM_NAME            ITEM_NO      ITEM_QTY ITEM_PRICE ITEM_MFG_ ITEM_EXP_ ORDER_NO                                                                                                                                                                                                                                                                                      
-------------------- ---------- ---------- ---------- --------- --------- ----------                                                                                                                                                                                                                                                                                    
patanjali_biscuit    pat113             39         25 01-JAN-16 29-JUN-18 ord1061                                                                                                                                                                                                                                                                                       
kissan_jam           kis114              0         90 22-FEB-15 30-OCT-16 ord1037                                                                                                                                                                                                                                                                                       

13 rows selected.

SQL> SELECT COALESCE(ITEM_NAME, ITEM_NO, ORDER_NO) AS ITEM_DESC ,ITEM_QTY , ITEM_PRICE, ITEM_MFG_DATE, ITEM_EXP_DATE FROM BIGBAZAR_279;
SELECT COALESCE(ITEM_NAME, ITEM_NO, ORDER_NO) AS ITEM_DESC ,ITEM_QTY , ITEM_PRICE, ITEM_MFG_DATE, ITEM_EXP_DATE FROM BIGBAZAR_279
                                                                                                                     *
ERROR at line 1:
ORA-00942: table or view does not exist 


SQL> SELECT COALESCE(ITEM_NAME, ITEM_NO, ORDER_NO) AS ITEM_DESC ,ITEM_QTY , ITEM_PRICE, ITEM_MFG_DATE, ITEM_EXP_DATE FROM BIGBAZAR;

ITEM_DESC              ITEM_QTY ITEM_PRICE ITEM_MFG_ ITEM_EXP_                                                                                                                                                                                                                                                                                                          
-------------------- ---------- ---------- --------- ---------                                                                                                                                                                                                                                                                                                          
col101                       20      75.95 12-JAN-23 27-APR-17                                                                                                                                                                                                                                                                                                          
lux_shoap                    15       25.4 19-JUL-01 30-MAR-19                                                                                                                                                                                                                                                                                                          
dabur_honey                  40      120.7 20-MAR-15 12-JUN-20                                                                                                                                                                                                                                                                                                          
tata_tea                     50       98.5 15-SEP-08                                                                                                                                                                                                                                                                                                                    
surf_excel                           285.6 28-AUG-15 20-NOV-05                                                                                                                                                                                                                                                                                                          
dettol_handwash              42       45.5 28-FEB-13 23-AUG-18                                                                                                                                                                                                                                                                                                          
ashribad_atta                20     170.45 28-JUN-07 20-SEP-19                                                                                                                                                                                                                                                                                                          
horlicks                             286.9 29-OCT-12 30-JUN-18                                                                                                                                                                                                                                                                                                          
Ariel_matic                  30      230.8 14-NOV-16                                                                                                                                                                                                                                                                                                                    
ponds_power                  50       85.9 25-MAY-11 30-APR-20                                                                                                                                                                                                                                                                                                          
tomato_katchup               30         35 30-DEC-14 09-SEP-18                                                                                                                                                                                                                                                                                                          

ITEM_DESC              ITEM_QTY ITEM_PRICE ITEM_MFG_ ITEM_EXP_                                                                                                                                                                                                                                                                                                          
-------------------- ---------- ---------- --------- ---------                                                                                                                                                                                                                                                                                                          
patanjali_biscuit            39         25 01-JAN-16 29-JUN-18                                                                                                                                                                                                                                                                                                          
kissan_jam                              90 22-FEB-15 30-OCT-16                                                                                                                                                                                                                                                                                                          

13 rows selected.

SQL>  SELECT ITEM_NAME, ITEM_QTY, ITEM_PRICE, ITEM_MFG_DATE, ITEM_EXP_DATE FROM BIGBAZAR WHERE ITEM_NAME = 'ITEM_NAME' OR ITEM_NO = 'ITEM_NO' OR ORDER_NO = 'ORDER_NO';

no rows selected

SQL> SELECT
  2    2  ITEM_NAME, ITEM_NO, ITEM_PRICE, ITEM_QTY,
  3    3  CASE
  4    4     WHEN ITEM_QTY = 50 THEN ITEM_PRICE * 0.35
  5    5     WHEN ITEM_QTY = 30 THEN ITEM_PRICE * 0.25
  6    6     WHEN ITEM_QTY = 20 THEN ITEM_PRICE * 0.15
  7    7  END AS REBATE FROM BIGBAZAR;
  4     WHEN ITEM_QTY = 50 THEN ITEM_PRICE * 0.35
  *
ERROR at line 4:
ORA-00923: FROM keyword not found where expected 


SQL> select item_name,item_no,item_price,item_qty,case when item_qty = 50 them item_price *0.35 when item_qty = 30 then item_price *0.25 when item_qty = 20 then item_price * 0.15 end as rebate from bigbazar;
select item_name,item_no,item_price,item_qty,case when item_qty = 50 them item_price *0.35 when item_qty = 30 then item_price *0.25 when item_qty = 20 then item_price * 0.15 end as rebate from bigbazar
                                                                     *
ERROR at line 1:
ORA-00905: missing keyword 


SQL> select item_name,item_no,item_price,item_qty,case when item_qty = 50 then item_price *0.35 when item_qty = 30 then item_price *0.25 when item_qty = 20 then item_price * 0.15 end as rebate from bigbazar;

ITEM_NAME            ITEM_NO    ITEM_PRICE   ITEM_QTY     REBATE                                                                                                                                                                                                                                                                                                        
-------------------- ---------- ---------- ---------- ----------                                                                                                                                                                                                                                                                                                        
                     col101          75.95         20    11.3925                                                                                                                                                                                                                                                                                                        
lux_shoap            lu102            25.4         15                                                                                                                                                                                                                                                                                                                   
dabur_honey          dab103          120.7         40                                                                                                                                                                                                                                                                                                                   
tata_tea             tat104           98.5         50     34.475                                                                                                                                                                                                                                                                                                        
surf_excel           sur105          285.6                                                                                                                                                                                                                                                                                                                              
dettol_handwash      det106           45.5         42                                                                                                                                                                                                                                                                                                                   
ashribad_atta        ash107         170.45         20    25.5675                                                                                                                                                                                                                                                                                                        
horlicks                             286.9                                                                                                                                                                                                                                                                                                                              
Ariel_matic          arl110          230.8         30       57.7                                                                                                                                                                                                                                                                                                        
ponds_power          pon111           85.9         50     30.065                                                                                                                                                                                                                                                                                                        
tomato_katchup       tom112             35         30       8.75                                                                                                                                                                                                                                                                                                        

ITEM_NAME            ITEM_NO    ITEM_PRICE   ITEM_QTY     REBATE                                                                                                                                                                                                                                                                                                        
-------------------- ---------- ---------- ---------- ----------                                                                                                                                                                                                                                                                                                        
patanjali_biscuit    pat113             25         39                                                                                                                                                                                                                                                                                                                   
kissan_jam           kis114             90                                                                                                                                                                                                                                                                                                                              

13 rows selected.

SQL> SELECT
  2    2  ITEM_NAME, ITEM_NO, ITEM_PRICE, ITEM_QTY,
  3    3  ITEM_PRICE * ITEM_QTY AS TOTAL_PRICE,
  4    4  DECODE(ITEM_QTY, 50, ITEM_PRICE*ITEM_QTY*0.35
  5    5                  ,30, ITEM_PRICE*ITEM_QTY*0.25
  6    6                  ,20, ITEM_PRICE*ITEM_QTY*0.15, 0)
  7    5                  ,30, ITEM_PRICE*ITEM_QTY*0.25
  8  
SQL> 
SQL> SELECT
  2    2  ITEM_NAME, ITEM_NO, ITEM_PRICE, ITEM_QTY,
  3    3  ITEM_PRICE * ITEM_QTY AS TOTAL_PRICE,
  4    4  DECODE(ITEM_QTY, 50, ITEM_PRICE*ITEM_QTY*0.35
  5    5                  ,30, ITEM_PRICE*ITEM_QTY*0.25
  6    6                  ,20, ITEM_PRICE*ITEM_QTY*0.15, 0)
  7    7  AS REBATE FROM BIGBAZAR_279;
  3  ITEM_PRICE * ITEM_QTY AS TOTAL_PRICE,
                *
ERROR at line 3:
ORA-00923: FROM keyword not found where expected 


SQL> select item_name,item_no,item_price,item_qty,item_price * item_qty as total_price,decode(item_qty,50,item_price*item_qty*0.35 ,30, item_price*item_qty*0.25,20,item_price*item_qty*0.15,0)as rebate from bigbazar;

ITEM_NAME            ITEM_NO    ITEM_PRICE   ITEM_QTY TOTAL_PRICE     REBATE                                                                                                                                                                                                                                                                                            
-------------------- ---------- ---------- ---------- ----------- ----------                                                                                                                                                                                                                                                                                            
                     col101          75.95         20        1519     227.85                                                                                                                                                                                                                                                                                            
lux_shoap            lu102            25.4         15         381          0                                                                                                                                                                                                                                                                                            
dabur_honey          dab103          120.7         40        4828          0                                                                                                                                                                                                                                                                                            
tata_tea             tat104           98.5         50        4925    1723.75                                                                                                                                                                                                                                                                                            
surf_excel           sur105          285.6                                 0                                                                                                                                                                                                                                                                                            
dettol_handwash      det106           45.5         42        1911          0                                                                                                                                                                                                                                                                                            
ashribad_atta        ash107         170.45         20        3409     511.35                                                                                                                                                                                                                                                                                            
horlicks                             286.9                                 0                                                                                                                                                                                                                                                                                            
Ariel_matic          arl110          230.8         30        6924       1731                                                                                                                                                                                                                                                                                            
ponds_power          pon111           85.9         50        4295    1503.25                                                                                                                                                                                                                                                                                            
tomato_katchup       tom112             35         30        1050      262.5                                                                                                                                                                                                                                                                                            

ITEM_NAME            ITEM_NO    ITEM_PRICE   ITEM_QTY TOTAL_PRICE     REBATE                                                                                                                                                                                                                                                                                            
-------------------- ---------- ---------- ---------- ----------- ----------                                                                                                                                                                                                                                                                                            
patanjali_biscuit    pat113             25         39         975          0                                                                                                                                                                                                                                                                                            
kissan_jam           kis114             90                                 0                                                                                                                                                                                                                                                                                            

13 rows selected.

SQL> spool off;
